// Jest Snapshot v1, https://goo.gl/fbAQLP

exports[`HelloWorld 1`] = `
<h1>
  Hello, 
  Rafael
  !
</h1>
`;
